Container:
magic:          0x17082011
version:        0x01
container_size: 0x00000000 (0)
target_hrmor:   0x00000000
stack_pointer:  0x00000000
hw_pkey_a:
000000000000000000000000000000000000000000000000000000000000000000000000000000000000000000000000000000000000000000000000000000000000
hw_pkey_b:
000000000000000000000000000000000000000000000000000000000000000000000000000000000000000000000000000000000000000000000000000000000000
hw_pkey_c:
000000000000000000000000000000000000000000000000000000000000000000000000000000000000000000000000000000000000000000000000000000000000

Prefix Header:
ver_alg:
  version:  0001
  hash_alg: 01 (SHA512)
  sig_alg:  01 (SHA512/ECDSA-521)
code_start_offset: 00000000
reserved:          00000000
flags:             00000000
sw_key_count:      00
payload_size:      00000000
payloah_hash:      00000000000000000000000000000000000000000000000000000000000000000000000000000000000000000000000000000000000000000000000000000000
ecid_count:        00

Prefix Data:
hw_sig_a:  000000000000000000000000000000000000000000000000000000000000000000000000000000000000000000000000000000000000000000000000000000000000000000000000000000000000000000000000000000000000000000000000000000000000000000000000000000000000000000000000000000000000000000000000
hw_sig_b:  000000000000000000000000000000000000000000000000000000000000000000000000000000000000000000000000000000000000000000000000000000000000000000000000000000000000000000000000000000000000000000000000000000000000000000000000000000000000000000000000000000000000000000000000
hw_sig_c:  000000000000000000000000000000000000000000000000000000000000000000000000000000000000000000000000000000000000000000000000000000000000000000000000000000000000000000000000000000000000000000000000000000000000000000000000000000000000000000000000000000000000000000000000

Software Header:
ver_alg:
  version:  0000
  hash_alg: 00 (UNKNOWN)
  sig_alg:  00 (UNKNOWN)
code_start_offset: 00000000
reserved:          00000000
flags:             00000000
reserved_0:        00
payload_size:      00000000 (0)
payloah_hash:      00000000000000000000000000000000000000000000000000000000000000000000000000000000000000000000000000000000000000000000000000000000
ecid_count:        00

Software Signatures:
sw_sig_p: 000000000000000000000000000000000000000000000000000000000000000000000000000000000000000000000000000000000000000000000000000000000000000000000000000000000000000000000000000000000000000000000000000000000000000000000000000000000000000000000000000000000000000000000000
sw_sig_q: 000000000000000000000000000000000000000000000000000000000000000000000000000000000000000000000000000000000000000000000000000000000000000000000000000000000000000000000000000000000000000000000000000000000000000000000000000000000000000000000000000000000000000000000000
sw_sig_r: 000000000000000000000000000000000000000000000000000000000000000000000000000000000000000000000000000000000000000000000000000000000000000000000000000000000000000000000000000000000000000000000000000000000000000000000000000000000000000000000000000000000000000000000000
