QA output created by 207

=== Successful image creation (defaults) ===

Testing:
QMP_VERSION
{"return": {}}
{"return": {}}
{"return": {}}
{"timestamp": {"seconds":  TIMESTAMP, "microseconds":  TIMESTAMP}, "event": "SHUTDOWN", "data": {"guest": false}}

image: json:{"driver": "IMGFMT", "file": {"server.host": "127.0.0.1", "server.port": "22", "driver": "ssh", "path": "TEST_DIR/t.IMGFMT"}}
file format: IMGFMT
virtual size: 4.0M (4194304 bytes)

image: TEST_DIR/t.IMGFMT
file format: IMGFMT
virtual size: 4.0M (4194304 bytes)

=== Test host-key-check options ===

Testing:
QMP_VERSION
{"return": {}}
{"return": {}}
{"return": {}}
{"timestamp": {"seconds":  TIMESTAMP, "microseconds":  TIMESTAMP}, "event": "SHUTDOWN", "data": {"guest": false}}

image: json:{"driver": "IMGFMT", "file": {"server.host": "127.0.0.1", "server.port": "22", "driver": "ssh", "path": "TEST_DIR/t.IMGFMT"}}
file format: IMGFMT
virtual size: 8.0M (8388608 bytes)
Testing:
QMP_VERSION
{"return": {}}
{"return": {}}
{"return": {}}
{"timestamp": {"seconds":  TIMESTAMP, "microseconds":  TIMESTAMP}, "event": "SHUTDOWN", "data": {"guest": false}}

image: json:{"driver": "IMGFMT", "file": {"server.host": "127.0.0.1", "server.port": "22", "driver": "ssh", "path": "TEST_DIR/t.IMGFMT"}}
file format: IMGFMT
virtual size: 4.0M (4194304 bytes)
Testing:
QMP_VERSION
{"return": {}}
{"error": {"class": "GenericError", "desc": "remote host key does not match host_key_check 'wrong'"}}
{"return": {}}
{"return": {}}
{"timestamp": {"seconds":  TIMESTAMP, "microseconds":  TIMESTAMP}, "event": "SHUTDOWN", "data": {"guest": false}}

image: json:{"driver": "IMGFMT", "file": {"server.host": "127.0.0.1", "server.port": "22", "driver": "ssh", "path": "TEST_DIR/t.IMGFMT"}}
file format: IMGFMT
virtual size: 8.0M (8388608 bytes)
Testing:
QMP_VERSION
{"return": {}}
{"error": {"class": "GenericError", "desc": "remote host key does not match host_key_check 'wrong'"}}
{"return": {}}
{"return": {}}
{"timestamp": {"seconds":  TIMESTAMP, "microseconds":  TIMESTAMP}, "event": "SHUTDOWN", "data": {"guest": false}}

image: json:{"driver": "IMGFMT", "file": {"server.host": "127.0.0.1", "server.port": "22", "driver": "ssh", "path": "TEST_DIR/t.IMGFMT"}}
file format: IMGFMT
virtual size: 4.0M (4194304 bytes)

=== Invalid path and user ===

Testing:
QMP_VERSION
{"return": {}}
{"error": {"class": "GenericError", "desc": "failed to open remote file '/this/is/not/an/existing/path': Failed opening remote file (libssh2 error code: -31)"}}
{"error": {"class": "GenericError", "desc": "failed to authenticate using publickey authentication and the identities held by your ssh-agent"}}
{"return": {}}
{"timestamp": {"seconds":  TIMESTAMP, "microseconds":  TIMESTAMP}, "event": "SHUTDOWN", "data": {"guest": false}}

*** done
