QA output created by 211

=== Successful image creation (defaults) ===

Testing:
QMP_VERSION
{"return": {}}
{"return": {}}
{"return": {}}
{"return": {}}
{"return": {}}
{"timestamp": {"seconds":  TIMESTAMP, "microseconds":  TIMESTAMP}, "event": "SHUTDOWN", "data": {"guest": false}}

image: TEST_DIR/t.IMGFMT
file format: IMGFMT
virtual size: 128M (134217728 bytes)
[{ "start": 0, "length": 134217728, "depth": 0, "zero": true, "data": false}]

=== Successful image creation (explicit defaults) ===

Testing:
QMP_VERSION
{"return": {}}
{"return": {}}
{"return": {}}
{"return": {}}
{"timestamp": {"seconds":  TIMESTAMP, "microseconds":  TIMESTAMP}, "event": "SHUTDOWN", "data": {"guest": false}}

image: TEST_DIR/t.IMGFMT
file format: IMGFMT
virtual size: 64M (67108864 bytes)
[{ "start": 0, "length": 67108864, "depth": 0, "zero": true, "data": false}]

=== Successful image creation (with non-default options) ===

Testing:
QMP_VERSION
{"return": {}}
{"return": {}}
{"return": {}}
{"return": {}}
{"timestamp": {"seconds":  TIMESTAMP, "microseconds":  TIMESTAMP}, "event": "SHUTDOWN", "data": {"guest": false}}

image: TEST_DIR/t.IMGFMT
file format: IMGFMT
virtual size: 32M (33554432 bytes)
[{ "start": 0, "length": 3072, "depth": 0, "zero": false, "data": true, "offset": OFFSET},
{ "start": 3072, "length": 33551360, "depth": 0, "zero": true, "data": true, "offset": OFFSET}]

=== Invalid BlockdevRef ===

Testing:
QMP_VERSION
{"return": {}}
{"error": {"class": "GenericError", "desc": "Cannot find device=this doesn't exist nor node_name=this doesn't exist"}}
{"return": {}}
{"timestamp": {"seconds":  TIMESTAMP, "microseconds":  TIMESTAMP}, "event": "SHUTDOWN", "data": {"guest": false}}


=== Zero size ===

Testing: -blockdev driver=file,filename=TEST_DIR/t.IMGFMT,node-name=node0
QMP_VERSION
{"return": {}}
{"return": {}}
{"return": {}}
{"timestamp": {"seconds":  TIMESTAMP, "microseconds":  TIMESTAMP}, "event": "SHUTDOWN", "data": {"guest": false}}

image: TEST_DIR/t.IMGFMT
file format: IMGFMT
virtual size: 0 (0 bytes)

=== Maximum size ===

Testing: -blockdev driver=file,filename=TEST_DIR/t.IMGFMT,node-name=node0
QMP_VERSION
{"return": {}}
{"return": {}}
{"return": {}}
{"timestamp": {"seconds":  TIMESTAMP, "microseconds":  TIMESTAMP}, "event": "SHUTDOWN", "data": {"guest": false}}

image: TEST_DIR/t.IMGFMT
file format: IMGFMT
virtual size: 512T (562949819203584 bytes)

=== Invalid sizes ===

Testing: -blockdev driver=file,filename=TEST_DIR/t.IMGFMT,node-name=node0
QMP_VERSION
{"return": {}}
{"error": {"class": "GenericError", "desc": "Unsupported VDI image size (size is 0xfffffffffffffe00, max supported is 0x1fffff8000000)"}}
{"error": {"class": "GenericError", "desc": "Unsupported VDI image size (size is 0x8000000000000000, max supported is 0x1fffff8000000)"}}
{"error": {"class": "GenericError", "desc": "Unsupported VDI image size (size is 0x1fffff8000001, max supported is 0x1fffff8000000)"}}
{"return": {}}
{"timestamp": {"seconds":  TIMESTAMP, "microseconds":  TIMESTAMP}, "event": "SHUTDOWN", "data": {"guest": false}}

*** done
