QA output created by 212

=== Successful image creation (defaults) ===

Testing:
QMP_VERSION
{"return": {}}
{"return": {}}
{"return": {}}
{"return": {}}
{"return": {}}
{"timestamp": {"seconds":  TIMESTAMP, "microseconds":  TIMESTAMP}, "event": "SHUTDOWN", "data": {"guest": false}}

image: TEST_DIR/t.IMGFMT
file format: IMGFMT
virtual size: 128M (134217728 bytes)

=== Successful image creation (explicit defaults) ===

Testing:
QMP_VERSION
{"return": {}}
{"return": {}}
{"return": {}}
{"return": {}}
{"timestamp": {"seconds":  TIMESTAMP, "microseconds":  TIMESTAMP}, "event": "SHUTDOWN", "data": {"guest": false}}

image: TEST_DIR/t.IMGFMT
file format: IMGFMT
virtual size: 64M (67108864 bytes)

=== Successful image creation (with non-default options) ===

Testing:
QMP_VERSION
{"return": {}}
{"return": {}}
{"return": {}}
{"return": {}}
{"timestamp": {"seconds":  TIMESTAMP, "microseconds":  TIMESTAMP}, "event": "SHUTDOWN", "data": {"guest": false}}

image: TEST_DIR/t.IMGFMT
file format: IMGFMT
virtual size: 32M (33554432 bytes)

=== Invalid BlockdevRef ===

Testing:
QMP_VERSION
{"return": {}}
{"error": {"class": "GenericError", "desc": "Cannot find device=this doesn't exist nor node_name=this doesn't exist"}}
{"return": {}}
{"timestamp": {"seconds":  TIMESTAMP, "microseconds":  TIMESTAMP}, "event": "SHUTDOWN", "data": {"guest": false}}


=== Zero size ===

Testing: -blockdev driver=file,filename=TEST_DIR/t.IMGFMT,node-name=node0
QMP_VERSION
{"return": {}}
{"return": {}}
{"return": {}}
{"timestamp": {"seconds":  TIMESTAMP, "microseconds":  TIMESTAMP}, "event": "SHUTDOWN", "data": {"guest": false}}

image: TEST_DIR/t.IMGFMT
file format: IMGFMT
virtual size: 0 (0 bytes)

=== Maximum size ===

Testing: -blockdev driver=file,filename=TEST_DIR/t.IMGFMT,node-name=node0
QMP_VERSION
{"return": {}}
{"return": {}}
{"return": {}}
{"timestamp": {"seconds":  TIMESTAMP, "microseconds":  TIMESTAMP}, "event": "SHUTDOWN", "data": {"guest": false}}

image: TEST_DIR/t.IMGFMT
file format: IMGFMT
virtual size: 4096T (4503599627369984 bytes)

=== Invalid sizes ===

Testing: -blockdev driver=file,filename=TEST_DIR/t.IMGFMT,node-name=node0
QMP_VERSION
{"return": {}}
{"error": {"class": "GenericError", "desc": "Image size must be a multiple of 512 bytes"}}
{"error": {"class": "GenericError", "desc": "Image size is too large for this cluster size"}}
{"error": {"class": "GenericError", "desc": "Image size is too large for this cluster size"}}
{"error": {"class": "GenericError", "desc": "Image size is too large for this cluster size"}}
{"error": {"class": "GenericError", "desc": "Image size is too large for this cluster size"}}
{"return": {}}
{"timestamp": {"seconds":  TIMESTAMP, "microseconds":  TIMESTAMP}, "event": "SHUTDOWN", "data": {"guest": false}}


=== Invalid cluster size ===

Testing: -blockdev driver=file,filename=TEST_DIR/t.IMGFMT,node-name=node0
QMP_VERSION
{"return": {}}
{"error": {"class": "GenericError", "desc": "Cluster size must be a multiple of 512 bytes"}}
{"error": {"class": "GenericError", "desc": "Cluster size must be a multiple of 512 bytes"}}
{"error": {"class": "GenericError", "desc": "Cluster size is too large"}}
{"error": {"class": "GenericError", "desc": "Cluster size is too large"}}
{"error": {"class": "GenericError", "desc": "Cluster size is too large"}}
{"error": {"class": "GenericError", "desc": "Image size is too large for this cluster size"}}
{"error": {"class": "GenericError", "desc": "Image size is too large for this cluster size"}}
{"return": {}}
{"timestamp": {"seconds":  TIMESTAMP, "microseconds":  TIMESTAMP}, "event": "SHUTDOWN", "data": {"guest": false}}

*** done
