QA output created by 213

=== Successful image creation (defaults) ===

Testing:
QMP_VERSION
{"return": {}}
{"return": {}}
{"return": {}}
{"return": {}}
{"return": {}}
{"timestamp": {"seconds":  TIMESTAMP, "microseconds":  TIMESTAMP}, "event": "SHUTDOWN", "data": {"guest": false}}

image: TEST_DIR/t.IMGFMT
file format: IMGFMT
virtual size: 128M (134217728 bytes)

=== Successful image creation (explicit defaults) ===

Testing:
QMP_VERSION
{"return": {}}
{"return": {}}
{"return": {}}
{"return": {}}
{"timestamp": {"seconds":  TIMESTAMP, "microseconds":  TIMESTAMP}, "event": "SHUTDOWN", "data": {"guest": false}}

image: TEST_DIR/t.IMGFMT
file format: IMGFMT
virtual size: 64M (67108864 bytes)

=== Successful image creation (with non-default options) ===

Testing:
QMP_VERSION
{"return": {}}
{"return": {}}
{"return": {}}
{"return": {}}
{"timestamp": {"seconds":  TIMESTAMP, "microseconds":  TIMESTAMP}, "event": "SHUTDOWN", "data": {"guest": false}}

image: TEST_DIR/t.IMGFMT
file format: IMGFMT
virtual size: 32M (33554432 bytes)

=== Invalid BlockdevRef ===

Testing:
QMP_VERSION
{"return": {}}
{"error": {"class": "GenericError", "desc": "Cannot find device=this doesn't exist nor node_name=this doesn't exist"}}
{"return": {}}
{"timestamp": {"seconds":  TIMESTAMP, "microseconds":  TIMESTAMP}, "event": "SHUTDOWN", "data": {"guest": false}}


=== Zero size ===

Testing: -blockdev driver=file,filename=TEST_DIR/t.IMGFMT,node-name=node0
QMP_VERSION
{"return": {}}
{"return": {}}
{"return": {}}
{"timestamp": {"seconds":  TIMESTAMP, "microseconds":  TIMESTAMP}, "event": "SHUTDOWN", "data": {"guest": false}}

image: TEST_DIR/t.IMGFMT
file format: IMGFMT
virtual size: 0 (0 bytes)

=== Maximum size ===

Testing: -blockdev driver=file,filename=TEST_DIR/t.IMGFMT,node-name=node0
QMP_VERSION
{"return": {}}
{"return": {}}
{"return": {}}
{"timestamp": {"seconds":  TIMESTAMP, "microseconds":  TIMESTAMP}, "event": "SHUTDOWN", "data": {"guest": false}}

image: TEST_DIR/t.IMGFMT
file format: IMGFMT
virtual size: 64T (70368744177664 bytes)

=== Invalid sizes ===

Testing: -blockdev driver=file,filename=TEST_DIR/t.IMGFMT,node-name=node0
QMP_VERSION
{"return": {}}
{"error": {"class": "GenericError", "desc": "Image size too large; max of 64TB"}}
{"error": {"class": "GenericError", "desc": "Image size too large; max of 64TB"}}
{"error": {"class": "GenericError", "desc": "Image size too large; max of 64TB"}}
{"error": {"class": "GenericError", "desc": "Image size too large; max of 64TB"}}
{"return": {}}
{"timestamp": {"seconds":  TIMESTAMP, "microseconds":  TIMESTAMP}, "event": "SHUTDOWN", "data": {"guest": false}}


=== Invalid block size ===

Testing: -blockdev driver=file,filename=TEST_DIR/t.IMGFMT,node-name=node0
QMP_VERSION
{"return": {}}
{"error": {"class": "GenericError", "desc": "Block size must be a multiple of 1 MB"}}
{"error": {"class": "GenericError", "desc": "Block size must be a multiple of 1 MB"}}
{"error": {"class": "GenericError", "desc": "Block size must be a power of two"}}
{"error": {"class": "GenericError", "desc": "Block size must not exceed 268435456"}}
{"error": {"class": "GenericError", "desc": "Block size must be a multiple of 1 MB"}}
{"return": {}}
{"timestamp": {"seconds":  TIMESTAMP, "microseconds":  TIMESTAMP}, "event": "SHUTDOWN", "data": {"guest": false}}


=== Invalid log size ===

Testing: -blockdev driver=file,filename=TEST_DIR/t.IMGFMT,node-name=node0
QMP_VERSION
{"return": {}}
{"error": {"class": "GenericError", "desc": "Log size must be a multiple of 1 MB"}}
{"error": {"class": "GenericError", "desc": "Log size must be a multiple of 1 MB"}}
{"error": {"class": "GenericError", "desc": "Log size must be smaller than 4 GB"}}
{"error": {"class": "GenericError", "desc": "Log size must be a multiple of 1 MB"}}
{"return": {}}
{"timestamp": {"seconds":  TIMESTAMP, "microseconds":  TIMESTAMP}, "event": "SHUTDOWN", "data": {"guest": false}}

*** done
