Open-Power FFS format tool VERSION
Usage: ./ffspart [options] -s size -c num -i layout_file -p pnor_file ...

 Options:
	-s, --block_size=size
		Size (in hex with leading 0x) of the blocks on the flash in bytes

	-c, --block_count=num
		Number of blocks on the flash

	-i, --input=file
		File containing the required partition data

	-o, --order=( ADB | ABD )
		Ordering of the TOC, Data and Backup TOC. Currently only ADB (default)
		is supported
	-p, --pnor=file
		Output file to write data

	-t, --sides=( 1 | 2 )
		Number of sides to the flash (Default: 1)
