Adding 'ONE' 0x00000300, 0x00000100
Adding 'TWO' 0x00000400, 0x00000100
Freeing hdr
