Adding 'ONE' 0x00000300, 0x00000100
Adding 'TWO' 0x00000400, 0x00000100
Adding 'THREE' 0x00000500, 0x00000100
Adding 'FOUR' 0x00000600, 0x00000100
Freeing hdr
